[    0.000000] Initializing cgroup subsys cpuset
[    0.000000] Initializing cgroup subsys cpu
[    0.000000] Initializing cgroup subsys cpuacct
[    0.000000] Linux version 4.4.0-148-generic (buildd@lgw01-amd64-031) (gcc version 5.4.0 20160609 (Ubuntu 5.4.0-6ubuntu1~16.04.10) ) #174-Ubuntu SMP Tue May 7 12:20:14 UTC 2019 (Ubuntu 4.4.0-148.174-generic 4.4.177)
[    0.000000] Command line: BOOT_IMAGE=/boot/vmlinuz-4.4.0-148-generic root=UUID=205cf413-d539-474f-bbcb-1ab9eaaa4a2c ro console=tty1 console=ttyS0
[    0.000000] KERNEL supported cpus:
[    0.000000]   Intel GenuineIntel
[    0.000000]   AMD AuthenticAMD
[    0.000000]   Centaur CentaurHauls
[    0.000000] x86/fpu: xstate_offset[2]:  576, xstate_sizes[2]:  256
[    0.000000] x86/fpu: Supporting XSAVE feature 0x01: 'x87 floating point registers'
[    0.000000] x86/fpu: Supporting XSAVE feature 0x02: 'SSE registers'
[    0.000000] x86/fpu: Supporting XSAVE feature 0x04: 'AVX registers'
[    0.000000] x86/fpu: Enabled xstate features 0x7, context size is 832 bytes, using 'standard' format.
[    0.000000] e820: BIOS-provided physical RAM map:
[    0.000000] BIOS-e820: [mem 0x0000000000000000-0x000000000009fbff] usable
[    0.000000] BIOS-e820: [mem 0x000000000009fc00-0x000000000009ffff] reserved
[    0.000000] BIOS-e820: [mem 0x00000000000f0000-0x00000000000fffff] reserved
[    0.000000] BIOS-e820: [mem 0x0000000000100000-0x000000003ffeffff] usable
[    0.000000] BIOS-e820: [mem 0x000000003fff0000-0x000000003fffffff] ACPI data
[    0.000000] BIOS-e820: [mem 0x00000000fec00000-0x00000000fec00fff] reserved
[    0.000000] BIOS-e820: [mem 0x00000000fee00000-0x00000000fee00fff] reserved
[    0.000000] BIOS-e820: [mem 0x00000000fffc0000-0x00000000ffffffff] reserved
[    0.000000] NX (Execute Disable) protection: active
[    0.000000] SMBIOS 2.5 present.
[    0.000000] Hypervisor detected: KVM
[    0.000000] e820: last_pfn = 0x3fff0 max_arch_pfn = 0x400000000
[    0.000000] MTRR: Disabled
[    0.000000] x86/PAT: MTRRs disabled, skipping PAT initialization too.
[    0.000000] CPU MTRRs all blank - virtualized system.
[    0.000000] x86/PAT: Configuration [0-7]: WB  WT  UC- UC  WB  WT  UC- UC  
[    0.000000] found SMP MP-table at [mem 0x0009fff0-0x0009ffff] mapped at [ffff88000009fff0]
[    0.000000] Scanning 1 areas for low memory corruption
[    0.000000] RAMDISK: [mem 0x361ea000-0x370ecfff]
[    0.000000] ACPI: Early table checksum verification disabled
[    0.000000] ACPI: RSDP 0x00000000000E0000 000024 (v02 VBOX  )
[    0.000000] ACPI: XSDT 0x000000003FFF0030 00003C (v01 VBOX   VBOXXSDT 00000001 ASL  00000061)
[    0.000000] ACPI: FACP 0x000000003FFF00F0 0000F4 (v04 VBOX   VBOXFACP 00000001 ASL  00000061)
[    0.000000] ACPI: DSDT 0x000000003FFF0470 0022EA (v02 VBOX   VBOXBIOS 00000002 INTL 20100528)
[    0.000000] ACPI: FACS 0x000000003FFF0200 000040
[    0.000000] ACPI: FACS 0x000000003FFF0200 000040
[    0.000000] ACPI: APIC 0x000000003FFF0240 00005C (v02 VBOX   VBOXAPIC 00000001 ASL  00000061)
[    0.000000] ACPI: SSDT 0x000000003FFF02A0 0001CC (v01 VBOX   VBOXCPUT 00000002 INTL 20100528)
[    0.000000] No NUMA configuration found
[    0.000000] Faking a node at [mem 0x0000000000000000-0x000000003ffeffff]
[    0.000000] NODE_DATA(0) allocated [mem 0x3ffeb000-0x3ffeffff]
[    0.000000] kvm-clock: Using msrs 4b564d01 and 4b564d00
[    0.000000] kvm-clock: cpu 0, msr 0:3ffe3001, primary cpu clock
[    0.000000] kvm-clock: using sched offset of 3772057086 cycles
[    0.000000] clocksource: kvm-clock: mask: 0xffffffffffffffff max_cycles: 0x1cd42e4dffb, max_idle_ns: 881590591483 ns
[    0.000000] Zone ranges:
[    0.000000]   DMA      [mem 0x0000000000001000-0x0000000000ffffff]
[    0.000000]   DMA32    [mem 0x0000000001000000-0x000000003ffeffff]
[    0.000000]   Normal   empty
[    0.000000]   Device   empty
[    0.000000] Movable zone start for each node
[    0.000000] Early memory node ranges
[    0.000000]   node   0: [mem 0x0000000000001000-0x000000000009efff]
[    0.000000]   node   0: [mem 0x0000000000100000-0x000000003ffeffff]
[    0.000000] Initmem setup node 0 [mem 0x0000000000001000-0x000000003ffeffff]
[    0.000000] ACPI: PM-Timer IO Port: 0x4008
[    0.000000] IOAPIC[0]: apic_id 2, version 32, address 0xfec00000, GSI 0-23
[    0.000000] ACPI: INT_SRC_OVR (bus 0 bus_irq 0 global_irq 2 dfl dfl)
[    0.000000] ACPI: INT_SRC_OVR (bus 0 bus_irq 9 global_irq 9 low level)
[    0.000000] Using ACPI (MADT) for SMP configuration information
[    0.000000] smpboot: Allowing 2 CPUs, 0 hotplug CPUs
[    0.000000] PM: Registered nosave memory: [mem 0x00000000-0x00000fff]
[    0.000000] PM: Registered nosave memory: [mem 0x0009f000-0x0009ffff]
[    0.000000] PM: Registered nosave memory: [mem 0x000a0000-0x000effff]
[    0.000000] PM: Registered nosave memory: [mem 0x000f0000-0x000fffff]
[    0.000000] e820: [mem 0x40000000-0xfebfffff] available for PCI devices
[    0.000000] Booting paravirtualized kernel on KVM
[    0.000000] clocksource: refined-jiffies: mask: 0xffffffff max_cycles: 0xffffffff, max_idle_ns: 7645519600211568 ns
[    0.000000] setup_percpu: NR_CPUS:512 nr_cpumask_bits:512 nr_cpu_ids:2 nr_node_ids:1
[    0.000000] PERCPU: Embedded 34 pages/cpu @ffff88003fc00000 s99480 r8192 d31592 u1048576
[    0.000000] Built 1 zonelists in Node order, mobility grouping on.  Total pages: 257912
[    0.000000] Policy zone: DMA32
[    0.000000] Kernel command line: BOOT_IMAGE=/boot/vmlinuz-4.4.0-148-generic root=UUID=205cf413-d539-474f-bbcb-1ab9eaaa4a2c ro console=tty1 console=ttyS0
[    0.000000] PID hash table entries: 4096 (order: 3, 32768 bytes)
[    0.000000] Memory: 997188K/1048120K available (8609K kernel code, 1334K rwdata, 4028K rodata, 1484K init, 1284K bss, 50932K reserved, 0K cma-reserved)
[    0.000000] SLUB: HWalign=64, Order=0-3, MinObjects=0, CPUs=2, Nodes=1
[    0.000000] Kernel/User page tables isolation: enabled
[    0.000000] Hierarchical RCU implementation.
[    0.000000] 	Build-time adjustment of leaf fanout to 64.
[    0.000000] 	RCU restricting CPUs from NR_CPUS=512 to nr_cpu_ids=2.
[    0.000000] RCU: Adjusting geometry for rcu_fanout_leaf=64, nr_cpu_ids=2
[    0.000000] NR_IRQS:33024 nr_irqs:440 16
[    0.000000] Console: colour VGA+ 80x25
[    0.000000] console [tty1] enabled
[    0.000000] console [ttyS0] enabled
[    0.000000] tsc: Detected 2594.120 MHz processor
[    0.170063] Calibrating delay loop (skipped) preset value.. 5188.24 BogoMIPS (lpj=10376480)
[    0.172056] pid_max: default: 32768 minimum: 301
[    0.173122] ACPI: Core revision 20150930
[    0.175029] ACPI: 2 ACPI AML tables successfully acquired and loaded
[    0.176521] Security Framework initialized
[    0.177502] Yama: becoming mindful.
[    0.178435] AppArmor: AppArmor initialized
[    0.179492] Dentry cache hash table entries: 131072 (order: 8, 1048576 bytes)
[    0.183326] Inode-cache hash table entries: 65536 (order: 7, 524288 bytes)
[    0.184898] Mount-cache hash table entries: 2048 (order: 2, 16384 bytes)
[    0.186430] Mountpoint-cache hash table entries: 2048 (order: 2, 16384 bytes)
[    0.188086] Initializing cgroup subsys io
[    0.189197] Initializing cgroup subsys memory
[    0.190244] Initializing cgroup subsys devices
[    0.191346] Initializing cgroup subsys freezer
[    0.192464] Initializing cgroup subsys net_cls
[    0.193508] Initializing cgroup subsys perf_event
[    0.194595] Initializing cgroup subsys net_prio
[    0.195653] Initializing cgroup subsys hugetlb
[    0.196687] Initializing cgroup subsys pids
[    0.198098] mce: CPU supports 0 MCE banks
[    0.199183] Last level iTLB entries: 4KB 512, 2MB 8, 4MB 8
[    0.200448] Last level dTLB entries: 4KB 512, 2MB 32, 4MB 32, 1GB 0
[    0.201912] Spectre V2 : Mitigation: Full generic retpoline
[    0.203138] Spectre V2 : Spectre v2 / SpectreRSB mitigation: Filling RSB on context switch
[    0.205141] Speculative Store Bypass: Vulnerable
[    0.206301] MDS: Vulnerable: Clear CPU buffers attempted, no microcode
[    0.210892] Freeing SMP alternatives memory: 36K
[    0.219049] ftrace: allocating 32293 entries in 127 pages
[    0.282860] smpboot: APIC(0) Converting physical 0 to logical package 0
[    0.284363] smpboot: Max logical packages: 1
[    0.285727] x2apic enabled
[    0.286796] Switched APIC routing to physical x2apic.
[    0.289464] ..TIMER: vector=0x30 apic1=0 pin1=2 apic2=-1 pin2=-1
[    0.401256] APIC calibration not consistent with PM-Timer: 103ms instead of 100ms
[    0.403085] APIC delta adjusted to PM-Timer: 6253081 (6498468)
[    0.404702] smpboot: CPU0: Intel(R) Core(TM) i5-3320M CPU @ 2.60GHz (family: 0x6, model: 0x3a, stepping: 0x9)
[    0.407380] Performance Events: unsupported p6 CPU model 58 no PMU driver, software events only.
[    0.418589] KVM setup paravirtual spinlock
[    0.420287] x86: Booting SMP configuration:
[    0.421346] .... node  #0, CPUs:      #1
[    0.422478] kvm-clock: cpu 1, msr 0:3ffe3041, secondary cpu clock
[    0.424153] mce: CPU supports 0 MCE banks
[    0.426866] x86: Booted up 1 node, 2 CPUs
[    0.428109] smpboot: Total of 2 processors activated (10376.48 BogoMIPS)
[    0.430002] devtmpfs: initialized
[    0.432503] evm: security.selinux
[    0.433366] evm: security.SMACK64
[    0.434267] evm: security.SMACK64EXEC
[    0.435199] evm: security.SMACK64TRANSMUTE
[    0.436240] evm: security.SMACK64MMAP
[    0.437192] evm: security.ima
[    0.438061] evm: security.capability
[    0.439222] clocksource: jiffies: mask: 0xffffffff max_cycles: 0xffffffff, max_idle_ns: 7645041785100000 ns
[    0.441446] futex hash table entries: 512 (order: 3, 32768 bytes)
[    0.442884] pinctrl core: initialized pinctrl subsystem
[    0.444275] RTC time:  7:12:42, date: 05/21/19
[    0.445568] NET: Registered protocol family 16
[    0.458451] cpuidle: using governor ladder
[    0.470175] cpuidle: using governor menu
[    0.471172] PCCT header not found.
[    0.472130] ACPI: bus type PCI registered
[    0.473128] acpiphp: ACPI Hot Plug PCI Controller Driver version: 0.5
[    0.474607] PCI: Using configuration type 1 for base access
[    0.487964] ACPI: Added _OSI(Module Device)
[    0.489148] ACPI: Added _OSI(Processor Device)
[    0.490324] ACPI: Added _OSI(3.0 _SCP Extensions)
[    0.491577] ACPI: Added _OSI(Processor Aggregator Device)
[    0.493500] ACPI: Executed 1 blocks of module-level executable AML code
[    0.497098] ACPI: Interpreter enabled
[    0.498058] ACPI: (supports S0 S5)
[    0.498942] ACPI: Using IOAPIC for interrupt routing
[    0.500239] PCI: Using host bridge windows from ACPI; if necessary, use "pci=nocrs" and report a bug
[    0.505911] ACPI: PCI Root Bridge [PCI0] (domain 0000 [bus 00-ff])
[    0.507309] acpi PNP0A03:00: _OSC: OS supports [ASPM ClockPM Segments MSI]
[    0.509226] acpi PNP0A03:00: _OSC: not requesting OS control; OS requires [ExtendedConfig ASPM ClockPM MSI]
[    0.511394] acpi PNP0A03:00: fail to add MMCONFIG information, can't access extended PCI configuration space under this bridge.
[    0.514259] PCI host bridge to bus 0000:00
[    0.515336] pci_bus 0000:00: root bus resource [io  0x0000-0x0cf7 window]
[    0.516836] pci_bus 0000:00: root bus resource [io  0x0d00-0xffff window]
[    0.518300] pci_bus 0000:00: root bus resource [mem 0x000a0000-0x000bffff window]
[    0.520235] pci_bus 0000:00: root bus resource [mem 0x40000000-0xfdffffff window]
[    0.522070] pci_bus 0000:00: root bus resource [bus 00-ff]
[    0.525298] pci 0000:00:01.1: legacy IDE quirk: reg 0x10: [io  0x01f0-0x01f7]
[    0.526926] pci 0000:00:01.1: legacy IDE quirk: reg 0x14: [io  0x03f6]
[    0.528348] pci 0000:00:01.1: legacy IDE quirk: reg 0x18: [io  0x0170-0x0177]
[    0.542259] pci 0000:00:01.1: legacy IDE quirk: reg 0x1c: [io  0x0376]
[    0.562942] pci 0000:00:07.0: quirk: [io  0x4000-0x403f] claimed by PIIX4 ACPI
[    0.564920] pci 0000:00:07.0: quirk: [io  0x4100-0x410f] claimed by PIIX4 SMB
[    0.572395] ACPI: PCI Interrupt Link [LNKA] (IRQs 5 9 10 *11)
[    0.574708] ACPI: PCI Interrupt Link [LNKB] (IRQs 5 9 *10 11)
[    0.576672] ACPI: PCI Interrupt Link [LNKC] (IRQs 5 *9 10 11)
[    0.578492] ACPI: PCI Interrupt Link [LNKD] (IRQs 5 9 10 *11)
[    0.580342] ACPI: Enabled 2 GPEs in block 00 to 07
[    0.581814] vgaarb: setting as boot device: PCI:0000:00:02.0
[    0.583043] vgaarb: device added: PCI:0000:00:02.0,decodes=io+mem,owns=io+mem,locks=none
[    0.584963] vgaarb: loaded
[    0.585740] vgaarb: bridge control possible 0000:00:02.0
[    0.587119] SCSI subsystem initialized
[    0.588213] ACPI: bus type USB registered
[    0.589217] usbcore: registered new interface driver usbfs
[    0.590487] usbcore: registered new interface driver hub
[    0.591684] usbcore: registered new device driver usb
[    0.593036] PCI: Using ACPI for IRQ routing
[    0.594386] NetLabel: Initializing
[    0.595292] NetLabel:  domain hash size = 128
[    0.596318] NetLabel:  protocols = UNLABELED CIPSOv4
[    0.599741] NetLabel:  unlabeled traffic allowed by default
[    0.601381] amd_nb: Cannot enumerate AMD northbridges
[    0.602705] clocksource: Switched to clocksource kvm-clock
[    0.613878] AppArmor: AppArmor Filesystem Enabled
[    0.615137] pnp: PnP ACPI init
[    0.616799] pnp: PnP ACPI: found 3 devices
[    0.627235] clocksource: acpi_pm: mask: 0xffffff max_cycles: 0xffffff, max_idle_ns: 2085701024 ns
[    0.629353] NET: Registered protocol family 2
[    0.630551] TCP established hash table entries: 8192 (order: 4, 65536 bytes)
[    0.632130] TCP bind hash table entries: 8192 (order: 5, 131072 bytes)
[    0.633557] TCP: Hash tables configured (established 8192 bind 8192)
[    0.635129] UDP hash table entries: 512 (order: 2, 16384 bytes)
[    0.636447] UDP-Lite hash table entries: 512 (order: 2, 16384 bytes)
[    0.637859] NET: Registered protocol family 1
[    0.638956] pci 0000:00:00.0: Limiting direct PCI/PCI transfers
[    0.640410] pci 0000:00:01.0: Activating ISA DMA hang workarounds
[    0.641887] Unpacking initramfs...
[    0.907625] Freeing initrd memory: 15372K
[    0.908743] RAPL PMU detected, API unit is 2^-32 Joules, 3 fixed counters 10737418240 ms ovfl timer
[    0.910892] hw unit of domain pp0-core 2^-0 Joules
[    0.912010] hw unit of domain package 2^-0 Joules
[    0.913211] hw unit of domain pp1-gpu 2^-0 Joules
[    0.914343] clocksource: tsc: mask: 0xffffffffffffffff max_cycles: 0x2564894ad1d, max_idle_ns: 440795232482 ns
[    0.916868] platform rtc_cmos: registered platform RTC device (no PNP device found)
[    0.918730] Scanning for low memory corruption every 60 seconds
[    0.920598] audit: initializing netlink subsys (disabled)
[    0.921832] audit: type=2000 audit(1558422767.423:1): initialized
[    0.923425] Initialise system trusted keyring
[    0.924707] HugeTLB registered 2 MB page size, pre-allocated 0 pages
[    0.927305] zbud: loaded
[    0.928443] VFS: Disk quotas dquot_6.6.0
[    0.929507] VFS: Dquot-cache hash table entries: 512 (order 0, 4096 bytes)
[    0.931198] squashfs: version 4.0 (2009/01/31) Phillip Lougher
[    0.933023] fuse init (API version 7.23)
[    0.934556] Key type big_key registered
[    0.935925] Allocating IMA MOK and blacklist keyrings.
[    0.939284] Key type asymmetric registered
[    0.940821] Asymmetric key parser 'x509' registered
[    0.942682] Block layer SCSI generic (bsg) driver version 0.4 loaded (major 249)
[    0.945316] io scheduler noop registered
[    0.946648] io scheduler deadline registered (default)
[    0.948500] io scheduler cfq registered
[    0.949861] pci_hotplug: PCI Hot Plug PCI Core version: 0.5
[    0.951707] pciehp: PCI Express Hot Plug Controller Driver version: 0.4
[    0.953789] ACPI: AC Adapter [AC] (on-line)
[    0.955209] input: Power Button as /devices/LNXSYSTM:00/LNXPWRBN:00/input/input0
[    0.957783] ACPI: Power Button [PWRF]
[    0.959090] input: Sleep Button as /devices/LNXSYSTM:00/LNXSLPBN:00/input/input1
[    0.961469] ACPI: Sleep Button [SLPF]
[    0.963662] ACPI: Battery Slot [BAT0] (battery present)
[    0.965240] GHES: HEST is not enabled!
[    0.966540] Serial: 8250/16550 driver, 32 ports, IRQ sharing enabled
[    0.989088] 00:02: ttyS0 at I/O 0x3f8 (irq = 4, base_baud = 115200) is a 16550A
[    0.993305] Linux agpgart interface v0.103
[    1.002386] loop: module loaded
[    1.003904] scsi host0: ata_piix
[    1.005075] scsi host1: ata_piix
[    1.005956] ata1: PATA max UDMA/33 cmd 0x1f0 ctl 0x3f6 bmdma 0xd000 irq 14
[    1.007877] ata2: PATA max UDMA/33 cmd 0x170 ctl 0x376 bmdma 0xd008 irq 15
[    1.009443] libphy: Fixed MDIO Bus: probed
[    1.010615] tun: Universal TUN/TAP device driver, 1.6
[    1.011811] tun: (C) 1999-2004 Max Krasnyansky <maxk@qualcomm.com>
[    1.013366] PPP generic driver version 2.4.2
[    1.014448] ehci_hcd: USB 2.0 'Enhanced' Host Controller (EHCI) Driver
[    1.016042] ehci-pci: EHCI PCI platform driver
[    1.017129] ehci-platform: EHCI generic platform driver
[    1.018314] ohci_hcd: USB 1.1 'Open' Host Controller (OHCI) Driver
[    1.019687] ohci-pci: OHCI PCI platform driver
[    1.020756] ohci-platform: OHCI generic platform driver
[    1.021941] uhci_hcd: USB Universal Host Controller Interface driver
[    1.023478] i8042: PNP: PS/2 Controller [PNP0303:PS2K,PNP0f03:PS2M] at 0x60,0x64 irq 1,12
[    1.026096] serio: i8042 KBD port at 0x60,0x64 irq 1
[    1.027381] serio: i8042 AUX port at 0x60,0x64 irq 12
[    1.028657] mousedev: PS/2 mouse device common for all mice
[    1.030459] input: AT Translated Set 2 keyboard as /devices/platform/i8042/serio0/input/input2
[    1.032523] rtc_cmos rtc_cmos: rtc core: registered rtc_cmos as rtc0
[    1.033995] rtc_cmos rtc_cmos: alarms up to one day, 114 bytes nvram
[    1.035447] i2c /dev entries driver
[    1.036395] device-mapper: uevent: version 1.0.3
[    1.037563] device-mapper: ioctl: 4.34.0-ioctl (2015-10-28) initialised: dm-devel@redhat.com
[    1.039542] ledtrig-cpu: registered to indicate activity on CPUs
[    1.041359] NET: Registered protocol family 10
[    1.042600] NET: Registered protocol family 17
[    1.043720] Key type dns_resolver registered
[    1.045549] registered taskstats version 1
[    1.046645] Loading compiled-in X.509 certificates
[    1.048550] Loaded X.509 cert 'Build time autogenerated kernel key: 5103689f9da3e841c6100f8bb032b132cf76e38d'
[    1.050769] zswap: loaded using pool lzo/zbud
[    1.053651] Key type trusted registered
[    1.057710] Key type encrypted registered
[    1.058792] AppArmor: AppArmor sha1 policy hashing enabled
[    1.060010] ima: No TPM chip found, activating TPM-bypass!
[    1.061237] ima: Allocated hash algorithm: sha1
[    1.062316] evm: HMAC attrs: 0x1
[    1.063510]   Magic number: 3:480:218
[    1.064507] rtc_cmos rtc_cmos: setting system clock to 2019-05-21 07:12:42 UTC (1558422762)
[    1.066602] BIOS EDD facility v0.16 2004-Jun-25, 0 devices found
[    1.067947] EDD information not available.
[    1.165499] Freeing unused kernel memory: 1484K
[    1.168550] Write protecting the kernel read-only data: 14336k
[    1.173228] Freeing unused kernel memory: 1620K
[    1.176904] Freeing unused kernel memory: 68K
Loading, please wait...
starting version 229
[    1.216334] random: systemd-udevd: uninitialized urandom read (16 bytes read, 2 bits of entropy available)
[    1.217300] random: udevadm: uninitialized urandom read (16 bytes read, 2 bits of entropy available)
[    1.217462] random: udevadm: uninitialized urandom read (16 bytes read, 2 bits of entropy available)
[    1.241083] random: systemd-udevd: uninitialized urandom read (16 bytes read, 2 bits of entropy available)
[    1.245023] random: udevadm: uninitialized urandom read (16 bytes read, 2 bits of entropy available)
[    1.245094] random: udevadm: uninitialized urandom read (16 bytes read, 2 bits of entropy available)
[    1.245355] random: udevadm: uninitialized urandom read (16 bytes read, 2 bits of entropy available)
[    1.245452] random: udevadm: uninitialized urandom read (16 bytes read, 2 bits of entropy available)
[    1.245548] random: udevadm: uninitialized urandom read (16 bytes read, 2 bits of entropy available)
[    1.245667] random: udevadm: uninitialized urandom read (16 bytes read, 2 bits of entropy available)
[    1.300472] e1000: Intel(R) PRO/1000 Network Driver - version 7.3.21-k8-NAPI
[    1.302448] e1000: Copyright (c) 1999-2006 Intel Corporation.
[    1.304338] Fusion MPT base driver 3.04.20
[    1.305754] Copyright (c) 1999-2008 LSI Corporation
[    1.337451] Fusion MPT SPI Host driver 3.04.20
[    1.344363] AVX version of gcm_enc/dec engaged.
[    1.346054] AES CTR mode by8 optimization enabled
[    1.541752] input: ImExPS/2 Generic Explorer Mouse as /devices/platform/i8042/serio1/input/input4
[    1.945433] e1000 0000:00:03.0 eth0: (PCI:33MHz:32-bit) 02:9b:bc:73:96:26
[    1.949669] e1000 0000:00:03.0 eth0: Intel(R) PRO/1000 Network Connection
[    1.955673] mptbase: ioc0: Initiating bringup
[    1.956317] e1000 0000:00:03.0 enp0s3: renamed from eth0
[    2.023235] ioc0: LSI53C1030 A0: Capabilities={Initiator}
[    2.188667] scsi host2: ioc0: LSI53C1030 A0, FwRev=00000000h, Ports=1, MaxQ=256, IRQ=20
[    2.300739] scsi 2:0:0:0: Direct-Access     VBOX     HARDDISK         1.0  PQ: 0 ANSI: 5
[    2.306091] scsi target2:0:0: Beginning Domain Validation
[    2.311760] scsi target2:0:0: Domain Validation skipping write tests
[    2.315545] scsi target2:0:0: Ending Domain Validation
[    2.318748] scsi target2:0:0: asynchronous
[    2.340111] scsi 2:0:1:0: Direct-Access     VBOX     HARDDISK         1.0  PQ: 0 ANSI: 5
[    2.343085] scsi target2:0:1: Beginning Domain Validation
[    2.345926] scsi target2:0:1: Domain Validation skipping write tests
[    2.347796] scsi target2:0:1: Ending Domain Validation
[    2.349415] scsi target2:0:1: asynchronous
[    2.357012] sd 2:0:0:0: Attached scsi generic sg0 type 0
[    2.358508] sd 2:0:0:0: [sda] 20971520 512-byte logical blocks: (10.7 GB/10.0 GiB)
[    2.360934] sd 2:0:1:0: [sdb] 20480 512-byte logical blocks: (10.5 MB/10.0 MiB)
[    2.362824] sd 2:0:1:0: Attached scsi generic sg1 type 0
[    2.364265] sd 2:0:1:0: [sdb] Write Protect is off
[    2.364388] sd 2:0:0:0: [sda] Write Protect is off
[    2.366632] sd 2:0:0:0: [sda] Incomplete mode parameter data
[    2.366691] sd 2:0:1:0: [sdb] Incomplete mode parameter data
[    2.366692] sd 2:0:1:0: [sdb] Assuming drive cache: write through
[    2.370726] sd 2:0:0:0: [sda] Assuming drive cache: write through
[    2.412986]  sda: sda1
[    2.415766] sd 2:0:1:0: [sdb] Attached SCSI disk
[    2.420905] sd 2:0:0:0: [sda] Attached SCSI disk
Begin: Loading essential drivers ... [    3.985949] md: linear personality registered for level -1
[    3.990392] md: multipath personality registered for level -4
[    3.994828] md: raid0 personality registered for level 0
[    4.000194] md: raid1 personality registered for level 1
[    4.071277] raid6: sse2x1   gen()  8268 MB/s
[    4.138712] raid6: sse2x1   xor()  6400 MB/s
[    4.207005] raid6: sse2x2   gen() 10665 MB/s
[    4.275341] raid6: sse2x2   xor()  7555 MB/s
[    4.342736] raid6: sse2x4   gen() 11828 MB/s
[    4.411039] raid6: sse2x4   xor()  8007 MB/s
[    4.412577] raid6: using algorithm sse2x4 gen() 11828 MB/s
[    4.413975] raid6: .... xor() 8007 MB/s, rmw enabled
[    4.415403] raid6: using ssse3x2 recovery algorithm
[    4.418408] xor: automatically using best checksumming function:
[    4.458757]    avx       : 19650.000 MB/sec
[    4.461225] async_tx: api initialized (async)
[    4.473213] md: raid6 personality registered for level 6
[    4.474565] md: raid5 personality registered for level 5
[    4.475811] md: raid4 personality registered for level 4
[    4.484531] md: raid10 personality registered for level 10
done.
Begin: Running /scripts/init-premount ... done.
Begin: Mounting root file system ... Begin: Running /scripts/local-top ... done.
Begin: Running /scripts/local-premount ... [    4.519201] Btrfs loaded
Scanning for Btrfs filesystems
done.
Warning: fsck not present, so skipping root file system
[    4.624185] EXT4-fs (sda1): mounted filesystem with ordered data mode. Opts: (null)
done.
Begin: Running /scripts/local-bottom ... done.
Begin: Running /scripts/init-bottom ... done.
[    5.233019] systemd[1]: systemd 229 running in system mode. (+PAM +AUDIT +SELINUX +IMA +APPARMOR +SMACK +SYSVINIT +UTMP +LIBCRYPTSETUP +GCRYPT +GNUTLS +ACL +XZ -LZ4 +SECCOMP +BLKID +ELFUTILS +KMOD -IDN)
[    5.243605] systemd[1]: Detected virtualization oracle.
[    5.247014] systemd[1]: Detected architecture x86-64.

Welcome to [1mUbuntu 16.04.6 LTS[0m!

[    5.287742] systemd[1]: Set hostname to <ubuntu-xenial>.
[    5.805475] random: nonblocking pool is initialized
[    6.074832] systemd[1]: Reached target System Time Synchronized.
[[0;32m  OK  [0m] Reached target System Time Synchronized.
[    6.077490] systemd[1]: Listening on Journal Socket (/dev/log).
[[0;32m  OK  [0m] Listening on Journal Socket (/dev/log).
[    6.079824] systemd[1]: Started Forward Password Requests to Wall Directory Watch.
[[0;32m  OK  [0m] Started Forward Password Requests to Wall Directory Watch.
[    6.082902] systemd[1]: Listening on Journal Audit Socket.
[[0;32m  OK  [0m] Listening on Journal Audit Socket.
[    6.085190] systemd[1]: Created slice System Slice.
[[0;32m  OK  [0m] Created slice System Slice.
[    6.087406] systemd[1]: Listening on udev Kernel Socket.
[[0;32m  OK  [0m] Listening on udev Kernel Socket.
[    6.095337] systemd[1]: Listening on udev Control Socket.
[[0;32m  OK  [0m] Listening on udev Control Socket.
[    6.103434] systemd[1]: Reached target User and Group Name Lookups.
[[0;32m  OK  [0m] Reached target User and Group Name Lookups.
[    6.111213] systemd[1]: Reached target Swap.
[[0;32m  OK  [0m] Reached target Swap.
[    6.119201] systemd[1]: Listening on Syslog Socket.
[[0;32m  OK  [0m] Listening on Syslog Socket.
[    6.121396] systemd[1]: Listening on /dev/initctl Compatibility Named Pipe.
[[0;32m  OK  [0m] Listening on /dev/initctl Compatibility Named Pipe.
[    6.131913] systemd[1]: Created slice User and Session Slice.
[[0;32m  OK  [0m] Created slice User and Session Slice.
[    6.143735] systemd[1]: Reached target Encrypted Volumes.
[[0;32m  OK  [0m] Reached target Encrypted Volumes.
[    6.149680] systemd[1]: Created slice system-serial\x2dgetty.slice.
[[0;32m  OK  [0m] Created slice system-serial\x2dgetty.slice.
[    6.156154] systemd[1]: Listening on Device-mapper event daemon FIFOs.
[[0;32m  OK  [0m] Listening on Device-mapper event daemon FIFOs.
[    6.161581] systemd[1]: Listening on LVM2 poll daemon socket.
[[0;32m  OK  [0m] Listening on LVM2 poll daemon socket.
[    6.171338] systemd[1]: Set up automount Arbitrary Executable File Formats File System Automount Point.
[[0;32m  OK  [0m] Set up automount Arbitrary Executab...ats File System Automount Point.
[    6.183541] systemd[1]: Reached target Slices.
[[0;32m  OK  [0m] Reached target Slices.
[    6.186445] systemd[1]: Listening on Journal Socket.
[[0;32m  OK  [0m] Listening on Journal Socket.
[    6.199500] systemd[1]: Starting Uncomplicated firewall...
         Starting Uncomplicated firewall...
[    6.275726] systemd[1]: Starting Load Kernel Modules...
         Starting Load Kernel Modules...
[    6.283572] systemd[1]: Starting Create list of required static device nodes for the current kernel...
         Starting Create list of required st... nodes for the current kernel...
[    6.295582] systemd[1]: Mounting Debug File System...
         Mounting Debug File System...
[    6.347091] systemd[1]: Mounting Huge Pages File System...
         Mounting Huge Pages File System...
[    6.352311] systemd[1]: Starting Journal Service...
         Starting Journal Service...
[    6.356993] systemd[1]: Starting Remount Root and Kernel File Systems...
         Starting Remount Root and Kernel File Systems...
[    6.368382] systemd[1]: Starting Nameserver information manager...
         Starting Nameserver information manager...
[    6.374137] systemd[1]: Mounting POSIX Message Queue File System...
         Mounting POSIX Message Queue File System...
[    6.379054] systemd[1]: Started Trigger resolvconf update for networkd DNS.
[[0;32m  OK  [0m] Started Trigger resolvconf update for networkd DNS.
[    6.383585] systemd[1]: Listening on LVM2 metadata daemon socket.
[[0;32m  OK  [0m] Listening on LVM2 metadata daemon socket.
[    6.389026] systemd[1]: Starting Monitoring of LVM2 mirrors, snapshots etc. using dmeventd or progress polling...
         Starting Monitoring of LVM2 mirrors... dmeventd or progress polling...
[    6.415042] systemd[1]: Starting Set console keymap...
         Starting Set console keymap...
[    6.425717] systemd[1]: Started Uncomplicated firewall.
[[0;32m  OK  [0m] Started Uncomplicated firewall.
[    6.428855] systemd[1]: Started Create list of required static device nodes for the current kernel.
[[0;32m  OK  [0m] Started Create list of required sta...ce nodes for the current kernel.
[    6.471545] Loading iSCSI transport class v2.0-870.
[    6.472976] systemd[1]: Starting Create Static Device Nodes in /dev...
         Starting Create Static Device Nodes in /dev...
[    6.592697] systemd[1]: Mounted Debug File System.
[    6.594341] EXT4-fs (sda1): re-mounted. Opts: (null)
[[0;32m  OK  [0m] Mounted Debug File System.
[    6.596970] systemd[1]: Mounted POSIX Message Queue File System.
[[0;32m  OK  [0m] Mounted POSIX Message Queue File System.
[    6.599928] systemd[1]: Mounted Huge Pages File System.
[[0;32m  OK  [0m] Mounted Huge Pages File System.
[    6.604441] systemd[1]: Started Remount Root and Kernel File Systems.
[[0;32m  OK  [0m] Started Remount Root and Kernel File Systems.
[    6.625787] iscsi: registered transport (tcp)
[    6.803725] systemd[1]: Starting udev Coldplug all Devices...
         Starting udev Coldplug all Devices...
[    6.808510] systemd[1]: Starting Load/Save Random Seed...
         Starting Load/Save Random Seed...
[    6.812003] systemd[1]: Started Journal Service.
[[0;32m  OK  [0m] Started Journal Service.
[[0;32m  OK  [0m] Started Nameserver information manager.
         Starting Flush Journal to Persistent Storage...
[[0;32m  OK  [0m] Started Set console keymap.
[[0;32m  OK  [0m] Started Load/Save Random Seed.
[[0;32m  OK  [0m] Started LVM2 metadata daemon.
[    7.000475] systemd-journald[381]: Received request to flush runtime journal from PID 1
[[0;32m  OK  [0m] Started Flush Journal to Persistent Storage.
[[0;32m  OK  [0m] Started udev Coldplug all Devices.
[    7.101618] iscsi: registered transport (iser)
[[0;32m  OK  [0m] Started Load Kernel Modules.
         Mounting FUSE Control File System...
         Starting Apply Kernel Variables...
[[0;32m  OK  [0m] Mounted FUSE Control File System.
[[0;32m  OK  [0m] Started Apply Kernel Variables.
[[0;32m  OK  [0m] Started Create Static Device Nodes in /dev.
         Starting udev Kernel Device Manager...
[[0;32m  OK  [0m] Started Monitoring of LVM2 mirrors,...ng dmeventd or progress polling.
[[0;32m  OK  [0m] Reached target Local File Systems (Pre).
[[0;32m  OK  [0m] Reached target Local File Systems.
         Starting LSB: AppArmor initialization...
         Starting Tell Plymouth To Write Out Runtime Data...
         Starting Initial cloud-init job (pre-networking)...
         Starting Create Volatile Files and Directories...
         Starting Set console font and keymap...
[[0;32m  OK  [0m] Started Tell Plymouth To Write Out Runtime Data.
[[0;32m  OK  [0m] Started Create Volatile Files and Directories.
         Starting Update UTMP about System Boot/Shutdown...
[[0;32m  OK  [0m] Started Update UTMP about System Boot/Shutdown.
[[0;32m  OK  [0m] Started udev Kernel Device Manager.
[[0;32m  OK  [0m] Started Dispatch Password Requests to Console Directory Watch.
[[0;32m  OK  [0m] Found device /dev/ttyS0.
[[0;32m  OK  [0m] Listening on Load/Save RF Kill Switch Status /dev/rfkill Watch.
[[0;32m  OK  [0m] Started Set console font and keymap.
[[0;32m  OK  [0m] Created slice system-getty.slice.
[[0;32m  OK  [0m] Found device 82540EM Gigabit Ethern...r (PRO/1000 MT Desktop Adapter).
[[0;32m  OK  [0m] Started LSB: AppArmor initialization.
[   14.171997] cloud-init[470]: Cloud-init v. 18.5-45-g3554ffe8-0ubuntu1~16.04.1 running 'init-local' at Tue, 21 May 2019 07:12:54 +0000. Up 13.03 seconds.
[[0;32m  OK  [0m] Started Initial cloud-init job (pre-networking).
[[0;32m  OK  [0m] Reached target Network (Pre).
         Starting Raise network interfaces...
[[0;32m  OK  [0m] Started ifup for enp0s3.
[[0;32m  OK  [0m] Started Raise network interfaces.
[[0;32m  OK  [0m] Reached target Network.
         Starting Initial cloud-init job (metadata service crawler)...
[   15.636710] cloud-init[950]: Cloud-init v. 18.5-45-g3554ffe8-0ubuntu1~16.04.1 running 'init' at Tue, 21 May 2019 07:12:56 +0000. Up 15.10 seconds.
[   15.639176] cloud-init[950]: ci-info: ++++++++++++++++++++++++++++++++++++++Net device info++++++++++++++++++++++++++++++++++++++
[   15.648792] cloud-init[950]: ci-info: +--------+------+----------------------------+---------------+--------+-------------------+
[   15.656573] cloud-init[950]: ci-info: | Device |  Up  |          Address           |      Mask     | Scope  |     Hw-Address    |
[   15.664564] cloud-init[950]: ci-info: +--------+------+----------------------------+---------------+--------+-------------------+
[   15.666543] cloud-init[950]: ci-info: | enp0s3 | True |         10.0.2.15          | 255.255.255.0 | global | 02:9b:bc:73:96:26 |
[   15.668364] cloud-init[950]: ci-info: | enp0s3 | True | fe80::9b:bcff:fe73:9626/64 |       .       |  link  | 02:9b:bc:73:96:26 |
[   15.671342] cloud-init[950]: ci-info: |   lo   | True |         127.0.0.1          |   255.0.0.0   |  host  |         .         |
[   15.673388] cloud-init[950]: ci-info: |   lo   | True |          ::1/128           |       .       |  host  |         .         |
[   15.675486] cloud-init[950]: ci-info: +--------+------+----------------------------+---------------+--------+-------------------+
[   15.677338] cloud-init[950]: ci-info: +++++++++++++++++++++++++++Route IPv4 info++++++++++++++++++++++++++++
[   15.684951] cloud-init[950]: ci-info: +-------+-------------+----------+---------------+-----------+-------+
[   15.687345] cloud-init[950]: ci-info: | Route | Destination | Gateway  |    Genmask    | Interface | Flags |
[   15.689305] cloud-init[950]: ci-info: +-------+-------------+----------+---------------+-----------+-------+
[   15.691234] cloud-init[950]: ci-info: |   0   |   0.0.0.0   | 10.0.2.2 |    0.0.0.0    |   enp0s3  |   UG  |
[   15.693236] cloud-init[950]: ci-info: |   1   |   10.0.2.0  | 0.0.0.0  | 255.255.255.0 |   enp0s3  |   U   |
[   15.694941] cloud-init[950]: ci-info: +-------+-------------+----------+---------------+-----------+-------+
[   15.696546] cloud-init[950]: ci-info: +++++++++++++++++++Route IPv6 info+++++++++++++++++++
[   15.698286] cloud-init[950]: ci-info: +-------+-------------+---------+-----------+-------+
[   15.700044] cloud-init[950]: ci-info: | Route | Destination | Gateway | Interface | Flags |
[   15.701769] cloud-init[950]: ci-info: +-------+-------------+---------+-----------+-------+
[   15.703580] cloud-init[950]: ci-info: |   0   |  fe80::/64  |    ::   |   enp0s3  |   U   |
[   15.705287] cloud-init[950]: ci-info: |   3   |   ff00::/8  |    ::   |   enp0s3  |   U   |
[   15.706543] cloud-init[950]: ci-info: +-------+-------------+---------+-----------+-------+
[[0;32m  OK  [0m] Started Initial cloud-init job (metadata service crawler).
[[0;32m  OK  [0m] Reached target Cloud-config availability.
[[0;32m  OK  [0m] Reached target System Initialization.
         Starting Socket activation for snappy daemon.
[[0;32m  OK  [0m] Started ACPI Events Check.
[[0;32m  OK  [0m] Reached target Paths.
[[0;32m  OK  [0m] Listening on D-Bus System Message Bus Socket.
[[0;32m  OK  [0m] Started Daily apt download activities.
[[0;32m  OK  [0m] Listening on UUID daemon activation socket.
[[0;32m  OK  [0m] Listening on ACPID Listen Socket.
[[0;32m  OK  [0m] Started Daily Cleanup of Temporary Directories.
[[0;32m  OK  [0m] Started Daily apt upgrade and clean activities.
[[0;32m  OK  [0m] Reached target Timers.
         Starting LXD - unix socket.
[[0;32m  OK  [0m] Reached target Network is Online.
         Starting iSCSI initiator daemon (iscsid)...
[[0;32m  OK  [0m] Listening on Socket activation for snappy daemon.
[[0;32m  OK  [0m] Listening on LXD - unix socket.
[[0;32m  OK  [0m] Reached target Sockets.
[[0;32m  OK  [0m] Reached target Basic System.
         Starting Accounts Service...
         Starting LSB: Record successful boot for GRUB...
[[0;32m  OK  [0m] Started D-Bus System Message Bus.
[[0;32m  OK  [0m] Started Regular background program processing daemon.
[[0;32m  OK  [0m] Started FUSE filesystem for LXC.
         Starting LXD - container startup/shutdown...
         Starting OpenBSD Secure Shell server...
         Starting Virtualbox guest utils...
         Starting /etc/rc.local Compatibility...
         Starting LSB: MD monitoring daemon...
         Starting Login Service...
[[0;32m  OK  [0m] Started Deferred execution scheduler.
[[0;32m  OK  [0m] Started ACPI event daemon.
         Starting System Logging Service...
         Starting Snappy daemon...
[[0;32m  OK  [0m] Started iSCSI initiator daemon (iscsid).
[[0;32m  OK  [0m] Started /etc/rc.local Compatibility.
         Starting Login to default iSCSI targets...
         Starting Authenticate and Authorize Users to Run Privileged Tasks...
[[0;32m  OK  [0m] Started Login Service.
[[0;32m  OK  [0m] Started Unattended Upgrades Shutdown.
[[0;32m  OK  [0m] Started LSB: Record successful boot for GRUB.
[[0;32m  OK  [0m] Started LSB: MD monitoring daemon.
[[0;32m  OK  [0m] Started Login to default iSCSI targets.
[[0;32m  OK  [0m] Reached target Remote File Systems (Pre).
[[0;32m  OK  [0m] Reached target Remote File Systems.
         Starting LSB: automatic crash report generation...
         Starting LSB: Set the CPU Frequency Scaling governor to "ondemand"...
         Starting Permit User Sessions...
         Starting LSB: daemon to balance interrupts for SMP systems...
[[0;32m  OK  [0m] Started LSB: Set the CPU Frequency Scaling governor to "ondemand".
[[0;32m  OK  [0m] Started Permit User Sessions.
         Starting Hold until boot process finishes up...
         Starting Terminate Plymouth Boot Screen...
[[0;32m  OK  [0m] Started Hold until boot process finishes up.
[[0;32m  OK  [0m] Started Terminate Plymouth Boot Screen.
[[0;32m  OK  [0m] Started Getty on tty1.
[[0;32m  OK  [0m] Started Serial Getty on ttyS0.
[[0;32m  OK  [0m] Reached target Login Prompts.
         Starting Set console scheme...
[[0;32m  OK  [0m] Started Set console scheme.
[[0;32m  OK  [0m] Started LSB: daemon to balance interrupts for SMP systems.
[[0;32m  OK  [0m] Started LSB: automatic crash report generation.
[[0;32m  OK  [0m] Started Authenticate and Authorize Users to Run Privileged Tasks.
[[0;32m  OK  [0m] Started Accounts Service.
[[0;32m  OK  [0m] Started System Logging Service.
[[0;32m  OK  [0m] Started Virtualbox guest utils.
[[0;32m  OK  [0m] Started OpenBSD Secure Shell server.
[[0;32m  OK  [0m] Started Snappy daemon.
         Starting Wait until snapd is fully seeded...
[[0;32m  OK  [0m] Started LXD - container startup/shutdown.
[[0;32m  OK  [0m] Started Wait until snapd is fully seeded.
         Starting Apply the settings specified in cloud-config...
[[0;32m  OK  [0m] Reached target Multi-User System.
[[0;32m  OK  [0m] Reached target Graphical Interface.
         Starting Update UTMP about System Runlevel Changes...
[[0;32m  OK  [0m] Started Update UTMP about System Runlevel Changes.
[[0;32m  OK  [0m] Created slice User Slice of vagrant.
         Starting User Manager for UID 1000...
[[0;32m  OK  [0m] Started Session 1 of user vagrant.
[[0;32m  OK  [0m] Started User Manager for UID 1000.
[   21.989353] cloud-init[1198]: Cloud-init v. 18.5-45-g3554ffe8-0ubuntu1~16.04.1 running 'modules:config' at Tue, 21 May 2019 07:13:03 +0000. Up 21.68 seconds.
[[0;32m  OK  [0m] Started Apply the settings specified in cloud-config.
         Starting Execute cloud user/final scripts...
[   22.575765] cloud-init[1272]: Cloud-init v. 18.5-45-g3554ffe8-0ubuntu1~16.04.1 running 'modules:final' at Tue, 21 May 2019 07:13:04 +0000. Up 22.41 seconds.
[   22.575994] cloud-init[1272]: Cloud-init v. 18.5-45-g3554ffe8-0ubuntu1~16.04.1 finished at Tue, 21 May 2019 07:13:04 +0000. Datasource DataSourceNoCloud [seed=/dev/sdb][dsmode=net].  Up 22.56 seconds

Ubuntu 16.04.6 LTS ubuntu-xenial ttyS0

ubuntu-xenial login: 